---
source: crates/gfm-syntax/src/grammer/mod.rs
expression: output
---
Document [ offsets: 0, position: ( line: 0, col: 0 ) ] ]
  Heading [ offsets: 0, position: ( line: 0, col: 0 ) ] ]
    Pound: "#" [ offsets: 0, position: ( line: 0, col: 0 ) ] ]
    Pound: "#" [ offsets: 1, position: ( line: 0, col: 1 ) ] ]
    Pound: "#" [ offsets: 2, position: ( line: 0, col: 2 ) ] ]
    WhiteSpace: " " [ offsets: 3, position: ( line: 0, col: 3 ) ] ]
    Inline [ offsets: 4, position: ( line: 0, col: 4 ) ] ]
      Word: "foo" [ offsets: 4, position: ( line: 0, col: 4 ) ] ]
      WhiteSpace: " " [ offsets: 7, position: ( line: 0, col: 7 ) ] ]
      EscapedChar: "\\#" [ offsets: 8, position: ( line: 0, col: 8 ) ] ]
      Pound: "#" [ offsets: 10, position: ( line: 0, col: 10 ) ] ]
      Pound: "#" [ offsets: 11, position: ( line: 0, col: 11 ) ] ]
    LineEnding: "\n" [ offsets: 12, position: ( line: 0, col: 12 ) ] ]
  Heading [ offsets: 13, position: ( line: 1, col: 0 ) ] ]
    Pound: "#" [ offsets: 13, position: ( line: 1, col: 0 ) ] ]
    Pound: "#" [ offsets: 14, position: ( line: 1, col: 1 ) ] ]
    WhiteSpace: " " [ offsets: 15, position: ( line: 1, col: 2 ) ] ]
    Inline [ offsets: 16, position: ( line: 1, col: 3 ) ] ]
      Word: "foo" [ offsets: 16, position: ( line: 1, col: 3 ) ] ]
    WhiteSpace: " " [ offsets: 19, position: ( line: 1, col: 6 ) ] ]
    Pound: "#" [ offsets: 20, position: ( line: 1, col: 7 ) ] ]
    Inline [ offsets: 21, position: ( line: 1, col: 8 ) ] ]
      EscapedChar: "\\#" [ offsets: 21, position: ( line: 1, col: 8 ) ] ]
      Pound: "#" [ offsets: 23, position: ( line: 1, col: 10 ) ] ]
    LineEnding: "\n" [ offsets: 24, position: ( line: 1, col: 11 ) ] ]
  Heading [ offsets: 25, position: ( line: 2, col: 0 ) ] ]
    Pound: "#" [ offsets: 25, position: ( line: 2, col: 0 ) ] ]
    WhiteSpace: " " [ offsets: 26, position: ( line: 2, col: 1 ) ] ]
    Inline [ offsets: 27, position: ( line: 2, col: 2 ) ] ]
      Word: "foo" [ offsets: 27, position: ( line: 2, col: 2 ) ] ]
      WhiteSpace: " " [ offsets: 30, position: ( line: 2, col: 5 ) ] ]
      EscapedChar: "\\#" [ offsets: 31, position: ( line: 2, col: 6 ) ] ]
  Eof: "\0" [ offsets: 33, position: ( line: 2, col: 8 ) ] ]
