---
source: crates/gfm-syntax/src/grammer/mod.rs
expression: output
---
Document [ offsets: 0, position: ( line: 0, col: 0 ) ] ]
  WhiteSpace: "    " [ offsets: 0, position: ( line: 0, col: 0 ) ] ]
  InlineCode [ offsets: 4, position: ( line: 0, col: 4 ) ] ]
    Pound: "#" [ offsets: 4, position: ( line: 0, col: 4 ) ] ]
    WhiteSpace: " " [ offsets: 5, position: ( line: 0, col: 5 ) ] ]
    Word: "foo" [ offsets: 6, position: ( line: 0, col: 6 ) ] ]
  Eof: "\0" [ offsets: 9, position: ( line: 0, col: 9 ) ] ]
