---
source: crates/gfm-syntax/tests/atx_headings.rs
expression: output
---
Document [ offsets: 0, position: ( line: 0, col: 0 ) ] ]
  Heading [ offsets: 0, position: ( line: 0, col: 0 ) ] ]
    Pound: "#" [ offsets: 0, position: ( line: 0, col: 0 ) ] ]
    WhiteSpace: " " [ offsets: 1, position: ( line: 0, col: 1 ) ] ]
    Inline [ offsets: 2, position: ( line: 0, col: 2 ) ] ]
      Word: "foo" [ offsets: 2, position: ( line: 0, col: 2 ) ] ]
    LineEnding: "\n" [ offsets: 5, position: ( line: 0, col: 5 ) ] ]
  Heading [ offsets: 6, position: ( line: 1, col: 0 ) ] ]
    Pound: "#" [ offsets: 6, position: ( line: 1, col: 0 ) ] ]
    Pound: "#" [ offsets: 7, position: ( line: 1, col: 1 ) ] ]
    WhiteSpace: " " [ offsets: 8, position: ( line: 1, col: 2 ) ] ]
    Inline [ offsets: 9, position: ( line: 1, col: 3 ) ] ]
      Word: "foo" [ offsets: 9, position: ( line: 1, col: 3 ) ] ]
    LineEnding: "\n" [ offsets: 12, position: ( line: 1, col: 6 ) ] ]
  Heading [ offsets: 13, position: ( line: 2, col: 0 ) ] ]
    Pound: "#" [ offsets: 13, position: ( line: 2, col: 0 ) ] ]
    Pound: "#" [ offsets: 14, position: ( line: 2, col: 1 ) ] ]
    Pound: "#" [ offsets: 15, position: ( line: 2, col: 2 ) ] ]
    WhiteSpace: " " [ offsets: 16, position: ( line: 2, col: 3 ) ] ]
    Inline [ offsets: 17, position: ( line: 2, col: 4 ) ] ]
      Word: "foo" [ offsets: 17, position: ( line: 2, col: 4 ) ] ]
    LineEnding: "\n" [ offsets: 20, position: ( line: 2, col: 7 ) ] ]
  Heading [ offsets: 21, position: ( line: 3, col: 0 ) ] ]
    Pound: "#" [ offsets: 21, position: ( line: 3, col: 0 ) ] ]
    Pound: "#" [ offsets: 22, position: ( line: 3, col: 1 ) ] ]
    Pound: "#" [ offsets: 23, position: ( line: 3, col: 2 ) ] ]
    Pound: "#" [ offsets: 24, position: ( line: 3, col: 3 ) ] ]
    WhiteSpace: " " [ offsets: 25, position: ( line: 3, col: 4 ) ] ]
    Inline [ offsets: 26, position: ( line: 3, col: 5 ) ] ]
      Word: "foo" [ offsets: 26, position: ( line: 3, col: 5 ) ] ]
    LineEnding: "\n" [ offsets: 29, position: ( line: 3, col: 8 ) ] ]
  Heading [ offsets: 30, position: ( line: 4, col: 0 ) ] ]
    Pound: "#" [ offsets: 30, position: ( line: 4, col: 0 ) ] ]
    Pound: "#" [ offsets: 31, position: ( line: 4, col: 1 ) ] ]
    Pound: "#" [ offsets: 32, position: ( line: 4, col: 2 ) ] ]
    Pound: "#" [ offsets: 33, position: ( line: 4, col: 3 ) ] ]
    Pound: "#" [ offsets: 34, position: ( line: 4, col: 4 ) ] ]
    WhiteSpace: " " [ offsets: 35, position: ( line: 4, col: 5 ) ] ]
    Inline [ offsets: 36, position: ( line: 4, col: 6 ) ] ]
      Word: "foo" [ offsets: 36, position: ( line: 4, col: 6 ) ] ]
    LineEnding: "\n" [ offsets: 39, position: ( line: 4, col: 9 ) ] ]
  Heading [ offsets: 40, position: ( line: 5, col: 0 ) ] ]
    Pound: "#" [ offsets: 40, position: ( line: 5, col: 0 ) ] ]
    Pound: "#" [ offsets: 41, position: ( line: 5, col: 1 ) ] ]
    Pound: "#" [ offsets: 42, position: ( line: 5, col: 2 ) ] ]
    Pound: "#" [ offsets: 43, position: ( line: 5, col: 3 ) ] ]
    Pound: "#" [ offsets: 44, position: ( line: 5, col: 4 ) ] ]
    Pound: "#" [ offsets: 45, position: ( line: 5, col: 5 ) ] ]
    WhiteSpace: " " [ offsets: 46, position: ( line: 5, col: 6 ) ] ]
    Inline [ offsets: 47, position: ( line: 5, col: 7 ) ] ]
      Word: "foo" [ offsets: 47, position: ( line: 5, col: 7 ) ] ]
  Eof: "\0" [ offsets: 50, position: ( line: 5, col: 10 ) ] ]
