---
source: crates/gfm-syntax/src/grammer/leaf.rs
expression: output
---
Document [ offsets: 0, position: ( line: 0, col: 0 ) ] ]
  WhiteSpace: "   " [ offsets: 0, position: ( line: 0, col: 0 ) ] ]
  Paragraph [ offsets: 3, position: ( line: 0, col: 3 ) ] ]
    Inline [ offsets: 3, position: ( line: 0, col: 3 ) ] ]
      Word: "aaa" [ offsets: 3, position: ( line: 0, col: 3 ) ] ]
    LineEnding: "\n" [ offsets: 6, position: ( line: 0, col: 6 ) ] ]
    Inline [ offsets: 7, position: ( line: 1, col: 0 ) ] ]
      Word: "bbb" [ offsets: 7, position: ( line: 1, col: 0 ) ] ]
  Eof: "\0" [ offsets: 10, position: ( line: 1, col: 3 ) ] ]
